// Jest Snapshot v1, https://goo.gl/fbAQLP

exports[`KeyValueField renders with correct props 1`] = `
<div
  class="pf-v6-c-text-input-group__main"
  data-testid="keyvalue-input"
  id="test-id"
>
  <span
    class="pf-v6-c-text-input-group__text"
  >
    <input
      aria-label="Type to filter"
      class="pf-v6-c-text-input-group__text-input"
      name="test-name"
      placeholder="Enter value"
      type="text"
      value="initial"
    />
  </span>
</div>
`;
